gfx/kgb2d/serverinfo/kgb2d.png
gfx/kgb2d/serverinfo/kgb2d2.png
gfx/kgb2d/serverinfo/ranked.png
gfx/kgb2d/serverinfo/steam.png
gfx/kgb2d/serverinfo/dc.png
gfx/kgb2d/skins/gem.png
gfx/kgb2d/skins/gem1.png
gfx/kgb2d/skins/gem2.png
gfx/kgb2d/minute/dc.png
gfx/kgb2d/minute/warning.png
gfx/kgb2d/minute/announce.png
gfx/backgrounds/1.png
sfx/fun/oneandonly.ogg
sfx/fun/maytheforce.ogg
sfx/kgb2d/announce.ogg
gfx/kgb2d/ranks/unranked.png
gfx/kgb2d/ranks/s1.png
gfx/kgb2d/ranks/s2.png
gfx/kgb2d/ranks/s3.png
gfx/kgb2d/ranks/s4.png
gfx/kgb2d/ranks/se.png
gfx/kgb2d/ranks/sem.png
gfx/kgb2d/ranks/gn1.png
gfx/kgb2d/ranks/gn2.png
gfx/kgb2d/ranks/gn3.png
gfx/kgb2d/ranks/gnmaster.png
gfx/kgb2d/ranks/mg1.png
gfx/kgb2d/ranks/mg2.png
gfx/kgb2d/ranks/mge.png
gfx/kgb2d/ranks/dmg.png
gfx/kgb2d/ranks/le.png
gfx/kgb2d/ranks/lem.png
gfx/kgb2d/ranks/supreme.png
gfx/kgb2d/ranks/globalelite.png
gfx/kgb2d/emojis/bcy.png
gfx/kgb2d/emojis/bob.png
gfx/kgb2d/emojis/cavebob.png
gfx/kgb2d/emojis/cool.png
gfx/kgb2d/emojis/coolstory.png
gfx/kgb2d/emojis/cringe.png
gfx/kgb2d/emojis/crying.png
gfx/kgb2d/emojis/doge.png
gfx/kgb2d/emojis/dolan.png
gfx/kgb2d/emojis/ez.png
gfx/kgb2d/emojis/feelsgoodman.png
gfx/kgb2d/emojis/heart.png
gfx/kgb2d/emojis/huh.png
gfx/kgb2d/emojis/illuminati.png
gfx/kgb2d/emojis/kappa.png
gfx/kgb2d/emojis/kekw.png
gfx/kgb2d/emojis/laughing.png
gfx/kgb2d/emojis/lol.png
gfx/kgb2d/emojis/neutral.png
gfx/kgb2d/emojis/rsmile.png
gfx/kgb2d/emojis/sad.png
gfx/kgb2d/emojis/sch.png
gfx/kgb2d/emojis/smile.png
gfx/kgb2d/emojis/strong.png
gfx/kgb2d/emojis/surprised.png
gfx/kgb2d/emojis/tdown.png
gfx/kgb2d/emojis/thinking.png
gfx/kgb2d/emojis/tom.png
gfx/kgb2d/emojis/tongueout.png
gfx/kgb2d/emojis/tup.png
gfx/kgb2d/emojis/winking.png
sfx/kgb2d/vip/hit1.ogg
sfx/kgb2d/vip/hit2.ogg
sfx/kgb2d/vip/hit3.ogg
sfx/kgb2d/vip/hit4.ogg
sfx/kgb2d/vip/hit5.ogg
sfx/kgb2d/vip/bell.ogg
sfx/kgb2d/vip/point.ogg